LIST OF OCCURING ERRORS:
    Uncaught TypeError: Cannot read property 'x' of undefined
        Matrix4f.transpose	        @	script.js:130
        Matrix4f.multiply_matrix	@	script.js:148
        Transformation.translate	@	script.js:184
        Transformation.transform	@	script.js:257
        Demonstrate             	@	script.js:315
        onclick	                    @	index.html:18

LIST OF TODO THINGS:
    1. Create Transformation Matrix.